c:\project\c++\gmsave\gmsave\release\vc143.pdb
c:\project\c++\gmsave\gmsave\release\project_watcher.obj
c:\project\c++\gmsave\gmsave\release\gm80_save.obj
c:\project\c++\gmsave\gmsave\release\gm80_load.obj
c:\project\c++\gmsave\gmsave\release\gmk_format.obj
c:\project\c++\gmsave\gmsave\release\ide_hooks.obj
c:\project\c++\gmsave\gmsave\release\pch.obj
c:\project\c++\gmsave\gmsave\release\dllmain.obj
c:\project\c++\gmsave\release\gmsave.dll
c:\project\c++\gmsave\release\gmsave.pdb
c:\project\c++\gmsave\release\gmsave.lib
c:\project\c++\gmsave\release\gmsave.exp
c:\project\c++\gmsave\gmsave\release\gmsave.ipdb
c:\project\c++\gmsave\gmsave\release\gmsave.iobj
c:\project\c++\gmsave\gmsave\release\gmsave.tlog\cl.command.1.tlog
c:\project\c++\gmsave\gmsave\release\gmsave.tlog\cl.items.tlog
c:\project\c++\gmsave\gmsave\release\gmsave.tlog\cl.read.1.tlog
c:\project\c++\gmsave\gmsave\release\gmsave.tlog\cl.write.1.tlog
c:\project\c++\gmsave\gmsave\release\gmsave.tlog\link.command.1.tlog
c:\project\c++\gmsave\gmsave\release\gmsave.tlog\link.read.1.tlog
c:\project\c++\gmsave\gmsave\release\gmsave.tlog\link.secondary.1.tlog
c:\project\c++\gmsave\gmsave\release\gmsave.tlog\link.write.1.tlog
